// Jest Snapshot v1, https://goo.gl/fbAQLP

exports[`Pages ProcessRepository.vue renders 1`] = `
<div>
  <elrow-stub tag="div" gutter="20" justify="end" align="top">
    <elcol-stub span="6" tag="div" offset="18">
      <elinput-stub value="" type="text" autocomplete="off" validateevent="true" placeholder="process.search"><i class="el-input__icon el-icon-search"></i></elinput-stub>
    </elcol-stub>
  </elrow-stub>
  <elrow-stub tag="div" gutter="20" justify="start" align="top">
    <elcol-stub span="24" tag="div">
      <eltable-stub data="[object Object],[object Object],[object Object]" fit="true" showheader="true" defaultsort="[object Object]" selectonindeterminate="true">
        <eltablecolumn-stub type="default" label="process.name" prop="name" sortable="" resizable="true" filtermultiple="true" sortorders="ascending,descending,"></eltablecolumn-stub>
        <eltablecolumn-stub type="default" label="process.created_at" prop="createdAt" sortable="" resizable="true" filtermultiple="true" sortorders="ascending,descending,"></eltablecolumn-stub>
        <eltablecolumn-stub type="default" label="process.last_edited_at" prop="lastEditedAt" sortable="" resizable="true" filtermultiple="true" sortorders="ascending,descending,"></eltablecolumn-stub>
        <eltablecolumn-stub type="default" label="process.tags" prop="tags" resizable="true" filtermethod="function () { [native code] }" filters="[object Object],[object Object]" filterplacement="bottom-end" filtermultiple="true" sortorders="ascending,descending,"></eltablecolumn-stub>
      </eltable-stub>
    </elcol-stub>
  </elrow-stub>
</div>
`;

exports[`Pages ProcessRepository.vue renders the table correctly 1`] = `
<div>
  <div class="el-row is-justify-end" style="margin-left: -10px; margin-right: -10px;">
    <div class="el-col el-col-6 el-col-offset-18" style="padding-left: 10px; padding-right: 10px;">
      <div class="el-input el-input--prefix">
        <!----><input type="text" autocomplete="off" placeholder="process.search" class="el-input__inner"><span class="el-input__prefix"><i class="el-input__icon el-icon-search"></i><!----></span>
        <!---->
        <!---->
      </div>
    </div>
  </div>
  <div class="el-row" style="margin-left: -10px; margin-right: -10px;">
    <div class="el-col el-col-24" style="padding-left: 10px; padding-right: 10px;">
      <div class="el-table el-table--fit el-table--scrollable-x el-table--enable-row-hover el-table--enable-row-transition">
        <div class="hidden-columns">
          <div></div>
          <div></div>
          <div></div>
          <div></div>
        </div>
        <div class="el-table__header-wrapper">
          <table cellspacing="0" cellpadding="0" border="0" class="el-table__header" style="width: 320px;">
            <colgroup>
              <col name="el-table_1_column_1" width="80">
              <col name="el-table_1_column_2" width="80">
              <col name="el-table_1_column_3" width="80">
              <col name="el-table_1_column_4" width="80">
            </colgroup>
            <thead class="">
              <tr class="">
                <th colspan="1" rowspan="1" class="el-table_1_column_1     is-leaf is-sortable">
                  <div class="cell">process.name<span class="caret-wrapper"><i class="sort-caret ascending"></i><i class="sort-caret descending"></i></span></div>
                </th>
                <th colspan="1" rowspan="1" class="el-table_1_column_2     is-leaf is-sortable">
                  <div class="cell">process.created_at<span class="caret-wrapper"><i class="sort-caret ascending"></i><i class="sort-caret descending"></i></span></div>
                </th>
                <th colspan="1" rowspan="1" class="el-table_1_column_3     is-leaf is-sortable">
                  <div class="cell">process.last_edited_at<span class="caret-wrapper"><i class="sort-caret ascending"></i><i class="sort-caret descending"></i></span></div>
                </th>
                <th colspan="1" rowspan="1" class="el-table_1_column_4     is-leaf">
                  <div class="cell">process.tags<span class="el-table__column-filter-trigger"><i class="el-icon-arrow-down"></i></span></div>
                </th>
              </tr>
            </thead>
          </table>
        </div>
        <div class="el-table__body-wrapper is-scrolling-left">
          <table cellspacing="0" cellpadding="0" border="0" class="el-table__body" style="width: 320px;">
            <colgroup>
              <col name="el-table_1_column_1" width="80">
              <col name="el-table_1_column_2" width="80">
              <col name="el-table_1_column_3" width="80">
              <col name="el-table_1_column_4" width="80">
            </colgroup>
            <tbody>
              <tr class="el-table__row">
                <td rowspan="1" colspan="1" class="el-table_1_column_1  ">
                  <div class="cell">First Process</div>
                </td>
                <td rowspan="1" colspan="1" class="el-table_1_column_2  ">
                  <div class="cell">
                    05.11.2018 21:26
                  </div>
                </td>
                <td rowspan="1" colspan="1" class="el-table_1_column_3  ">
                  <div class="cell">
                    17.11.2018 21:26
                  </div>
                </td>
                <td rowspan="1" colspan="1" class="el-table_1_column_4  ">
                  <div class="cell"><span class="tag row-tag el-tag el-tag--info" style="background-color: rgba(255, 0, 0, 0.1); color: rgb(255, 0, 0);" name="el-zoom-in-center">First Tag</span><span class="tag row-tag el-tag el-tag--info" style="background-color: rgba(255, 255, 0, 0.1); color: rgb(255, 255, 0);" name="el-zoom-in-center">Second Tag</span></div>
                </td>
              </tr>
              <tr class="el-table__row">
                <td rowspan="1" colspan="1" class="el-table_1_column_1  ">
                  <div class="cell">Second Process</div>
                </td>
                <td rowspan="1" colspan="1" class="el-table_1_column_2  ">
                  <div class="cell">
                    11.11.2018 21:26
                  </div>
                </td>
                <td rowspan="1" colspan="1" class="el-table_1_column_3  ">
                  <div class="cell">
                    13.11.2018 21:26
                  </div>
                </td>
                <td rowspan="1" colspan="1" class="el-table_1_column_4  ">
                  <div class="cell"><span class="tag row-tag el-tag el-tag--info" style="background-color: rgba(255, 0, 0, 0.1); color: rgb(255, 0, 0);" name="el-zoom-in-center">First Tag</span></div>
                </td>
              </tr>
              <tr class="el-table__row">
                <td rowspan="1" colspan="1" class="el-table_1_column_1  ">
                  <div class="cell">Third Process</div>
                </td>
                <td rowspan="1" colspan="1" class="el-table_1_column_2  ">
                  <div class="cell">
                    17.11.2018 21:26
                  </div>
                </td>
                <td rowspan="1" colspan="1" class="el-table_1_column_3  ">
                  <div class="cell">
                    18.11.2018 21:26
                  </div>
                </td>
                <td rowspan="1" colspan="1" class="el-table_1_column_4  ">
                  <div class="cell"></div>
                </td>
              </tr>
              <!---->
            </tbody>
          </table>
          <!---->
          <!---->
        </div>
        <!---->
        <!---->
        <!---->
        <!---->
        <div class="el-table__column-resize-proxy" style="display: none;"></div>
      </div>
    </div>
  </div>
</div>
`;
