// Jest Snapshot v1, https://goo.gl/fbAQLP

exports[`Pages Settings renders 1`] = `
<div>
  <div class="page">
    <h3>settings.title</h3>
    <eltabs-stub type="border-card" tabposition="top">
      <eltabpane-stub label="settings.tags">
        <tagsettings-stub></tagsettings-stub>
      </eltabpane-stub>
      <eltabpane-stub label="settings.context_types">
        <contexttypesettings-stub></contexttypesettings-stub>
      </eltabpane-stub>
    </eltabs-stub>
  </div>
</div>
`;
