// Jest Snapshot v1, https://goo.gl/fbAQLP

exports[`Plugins BPMN ModdleExtensions has the correct configuration Keys 1`] = `
Object {
  "camunda": Object {
    "name": "camunda",
  },
  "cape": Object {
    "associations": Array [],
    "emumerations": Array [],
    "name": "CaPE",
    "prefix": "cape",
    "types": Array [
      Object {
        "name": "ExtensionArea",
        "properties": Array [],
        "superClass": Array [
          "bpmn:Task",
        ],
      },
    ],
    "uri": "http://uni-ulm/schema/bpmn/cape",
    "xml": Object {
      "tagAlias": "lowerCase",
    },
  },
}
`;
