// Jest Snapshot v1, https://goo.gl/fbAQLP

exports[`Components Footer renders 1`] = `
<elrow-stub tag="div" justify="start" align="top" class="footer-wrap">
  <elcol-stub span="24" tag="div" class="footer-col">
    <elrow-stub tag="div" justify="start" align="top" class="footer">
      <elcol-stub span="24" tag="div" xs="24" sm="12" md="12" lg="12">
        <p class="footer-paragraph"><a>footer.about</a></p>
        <p class="footer-paragraph"><a>footer.settings</a></p>
      </elcol-stub>
      <elcol-stub span="24" tag="div" xs="[object Object]" sm="[object Object]" md="[object Object]" lg="[object Object]">
        <p class="footer-paragraph"><a href="https://github.com/BerniWittmann/cape-frontend/releases/latest">footer.download</a></p>
        <p class="footer-paragraph">
          footer.version
        </p>
      </elcol-stub>
    </elrow-stub>
  </elcol-stub>
</elrow-stub>
`;
