// Jest Snapshot v1, https://goo.gl/fbAQLP

exports[`Components Navigation renders 1`] = `
<elmenu-stub mode="horizontal" defaultactive="home" router="true" menutrigger="hover" activetextcolor="#6CC9E8" collapsetransition="true" class="nav"><a class="nav-image-wrap">
    <div class="nav-image"></div>
  </a>
  <elmenuitem-stub index="processes" route="[object Object]">nav.processes</elmenuitem-stub>
  <elmenuitem-stub index="context_factors" route="[object Object]">nav.context_factors</elmenuitem-stub>
  <elmenuitem-stub index="context_situations" route="[object Object]">nav.context_situations</elmenuitem-stub>
</elmenu-stub>
`;
